12:53:54 - ============================================================
12:53:54 - 💬 对话开始: 王五 <-> 玩家
12:53:54 - ============================================================
12:53:54 - 📝 玩家消息: 你好
12:53:54 - 💖 当前好感度: 50.0/100 (友好)
12:53:54 - 🧠 检索到0条相关记忆
12:53:54 - 🤖 正在生成回复...
12:54:13 - 💬 王五回复: 你好呀~我正在休息区品咖啡，顺便刷刷Dribbble找灵感。今天心情不错，有什么想聊的吗？
12:54:13 - 📊 正在分析好感度变化...
12:54:18 - 📈 好感度变化: 50.0 -> 53.0 (+3.0)
12:54:18 -   原因: 友好问候
12:54:18 -   情感: positive
12:54:18 -   💾 对话已保存到王五的记忆中
12:54:18 - ============================================================
12:54:18 - ✅ 对话完成

12:55:10 - ============================================================
12:55:10 - 💬 对话开始: 王五 <-> 玩家
12:55:10 - ============================================================
12:55:10 - 📝 玩家消息: dribbble 是什么
12:55:10 - 💖 当前好感度: 53.0/100 (友好)
12:55:10 - 🧠 检索到1条相关记忆
12:55:10 -   📚 相关记忆:
12:55:10 -     1. 我说: 你好呀~我正在休息区品咖啡，顺便刷刷Dribbble找灵感。今天心情不错，有什么想聊的吗？
12:55:10 - 🤖 正在生成回复...
12:55:15 - 💬 王五回复: Dribbble是全球设计师的作品展示平台，就像设计师的画廊一样。我常在上面找配色和排版灵感，推荐你也去看看~
12:55:15 - 📊 正在分析好感度变化...
12:55:21 -   ➡️ 好感度未变化 (当前: 53.0)
12:55:21 -   原因: 解析失败
12:55:21 -   💾 对话已保存到王五的记忆中
12:55:21 - ============================================================
12:55:21 - ✅ 对话完成

13:04:17 - ============================================================
13:04:17 - 💬 对话开始: 王五 <-> 玩家
13:04:17 - ============================================================
13:04:17 - 📝 玩家消息: 你在干嘛
13:04:17 - 💖 当前好感度: 53.0/100 (友好)
13:04:18 - 🧠 检索到1条相关记忆
13:04:18 -   📚 相关记忆:
13:04:18 -     1. 我说: 你好呀~我正在休息区品咖啡，顺便刷刷Dribbble找灵感。今天心情不错，有什么想聊的吗？
13:04:18 - 🤖 正在生成回复...
13:04:23 - 💬 王五回复: 刚泡了杯手冲咖啡，在休息区小憩呢。顺便翻翻设计作品集，给手头的界面项目找找灵感~
13:04:23 - 📊 正在分析好感度变化...
13:04:32 -   ➡️ 好感度未变化 (当前: 53.0)
13:04:32 -   原因: 解析失败
13:04:32 -   💾 对话已保存到王五的记忆中
13:04:32 - ============================================================
13:04:32 - ✅ 对话完成

13:05:19 - ============================================================
13:05:19 - 💬 对话开始: 王五 <-> 玩家
13:05:19 - ============================================================
13:05:19 - 📝 玩家消息: 你好
13:05:19 - 💖 当前好感度: 50.0/100 (友好)
13:05:19 - 🧠 检索到1条相关记忆
13:05:19 -   📚 相关记忆:
13:05:19 -     1. 我说: 你好呀~我正在休息区品咖啡，顺便刷刷Dribbble找灵感。今天心情不错，有什么想聊的吗？
13:05:19 - 🤖 正在生成回复...
13:05:38 - 💬 王五回复: 嗨~又见面啦！我刚续了杯咖啡，香气正浓呢。要一起坐坐吗？聊聊设计或者随便什么都好~
13:05:38 - 📊 正在分析好感度变化...
13:05:45 -   ➡️ 好感度未变化 (当前: 50.0)
13:05:45 -   原因: 解析失败
13:05:45 -   💾 对话已保存到王五的记忆中
13:05:45 - ============================================================
13:05:45 - ✅ 对话完成

13:16:37 - ============================================================
13:16:37 - 💬 对话开始: 王五 <-> 玩家
13:16:37 - ============================================================
13:16:37 - 📝 玩家消息: 你好你好
13:16:37 - 💖 当前好感度: 50.0/100 (友好)
13:16:37 - 🧠 检索到1条相关记忆
13:16:37 -   📚 相关记忆:
13:16:37 -     1. 我说: 你好呀~我正在休息区品咖啡，顺便刷刷Dribbble找灵感。今天心情不错，有什么想聊的吗？
13:16:37 - 🤖 正在生成回复...
13:16:44 - 💬 王五回复: 你好呀~看你心情不错？我刚泡了杯手冲，耶加雪菲，有淡淡花香。要不要聊聊设计，或者随便什么都行~
13:16:44 - 📊 正在分析好感度变化...
13:16:49 -   ➡️ 好感度未变化 (当前: 50.0)
13:16:49 -   原因: 解析失败
13:16:49 -   💾 对话已保存到王五的记忆中
13:16:49 - ============================================================
13:16:49 - ✅ 对话完成

13:24:34 - ============================================================
13:24:34 - 💬 对话开始: 李四 <-> 玩家
13:24:34 - ============================================================
13:24:34 - 📝 玩家消息: 你好
13:24:34 - 💖 当前好感度: 50.0/100 (友好)
13:24:34 - 🧠 检索到0条相关记忆
13:24:34 - 🤖 正在生成回复...
13:24:37 - 💬 李四回复: 你好呀!我正在会议室整理需求呢,头都大了哈哈。你找我有事吗?还是随便聊聊~
13:24:37 - 📊 正在分析好感度变化...
13:24:42 -   ➡️ 好感度未变化 (当前: 50.0)
13:24:42 -   原因: 解析失败
13:24:42 -   💾 对话已保存到李四的记忆中
13:24:42 - ============================================================
13:24:42 - ✅ 对话完成

13:30:42 - ============================================================
13:30:42 - 💬 对话开始: 王五 <-> 玩家
13:30:42 - ============================================================
13:30:42 - 📝 玩家消息: 你在干嘛呢
13:30:42 - 💖 当前好感度: 50.0/100 (友好)
13:30:42 - 🧠 检索到1条相关记忆
13:30:42 -   📚 相关记忆:
13:30:42 -     1. 我说: 你好呀~我正在休息区品咖啡，顺便刷刷Dribbble找灵感。今天心情不错，有什么想聊的吗？
13:30:42 - 🤖 正在生成回复...
13:30:50 - 💬 王五回复: 刚泡了杯手冲，正翻Dribbble看渐变配色的新趋势呢~ 你怎么有空过来啦？
13:30:50 - 📊 正在分析好感度变化...
13:30:56 -   ➡️ 好感度未变化 (当前: 50.0)
13:30:56 -   原因: 解析失败
13:30:56 -   💾 对话已保存到王五的记忆中
13:30:56 - ============================================================
13:30:56 - ✅ 对话完成

13:31:05 - ============================================================
13:31:05 - 💬 对话开始: 王五 <-> 玩家
13:31:05 - ============================================================
13:31:05 - 📝 玩家消息: 我想来找你聊聊天
13:31:05 - 💖 当前好感度: 50.0/100 (友好)
13:31:05 - 🧠 检索到1条相关记忆
13:31:05 -   📚 相关记忆:
13:31:05 -     1. 我说: 你好呀~我正在休息区品咖啡，顺便刷刷Dribbble找灵感。今天心情不错，有什么想聊的吗？
13:31:05 - 🤖 正在生成回复...
13:31:15 - 💬 王五回复: 太好了~来，坐我旁边吧。刚冲的耶加雪菲，要不要来一杯？边喝边聊，正好歇歇脑子。
13:31:15 - 📊 正在分析好感度变化...
13:31:32 -   ➡️ 好感度未变化 (当前: 50.0)
13:31:32 -   原因: 话题积极
13:31:32 -   💾 对话已保存到王五的记忆中
13:31:32 - ============================================================
13:31:32 - ✅ 对话完成

13:31:58 - ============================================================
13:31:58 - 💬 对话开始: 王五 <-> 玩家
13:31:58 - ============================================================
13:31:58 - 📝 玩家消息: ok，给我也来一杯，那我们从哪里开始呢两天
13:31:58 - 💖 当前好感度: 50.0/100 (友好)
13:31:58 - 🧠 检索到1条相关记忆
13:31:58 -   📚 相关记忆:
13:31:58 -     1. 我说: 你好呀~我正在休息区品咖啡，顺便刷刷Dribbble找灵感。今天心情不错，有什么想聊的吗？
13:31:58 - 🤖 正在生成回复...
13:32:05 - 💬 王五回复: 来，接着~ 最近我在研究渐变配色，正想找人多聊聊呢。你是喜欢视觉设计，还是想听些好玩的办公室八卦？
13:32:05 - 📊 正在分析好感度变化...
13:32:11 -   ➡️ 好感度未变化 (当前: 50.0)
13:32:11 -   原因: 解析失败
13:32:11 -   💾 对话已保存到王五的记忆中
13:32:11 - ============================================================
13:32:11 - ✅ 对话完成

13:32:58 - ============================================================
13:32:58 - 💬 对话开始: 王五 <-> 玩家
13:32:58 - ============================================================
13:32:58 - 📝 玩家消息: 那你跟我说说一些好意思的办公室八卦吧
13:32:58 - 💖 当前好感度: 50.0/100 (友好)
13:32:59 - 🧠 检索到1条相关记忆
13:32:59 -   📚 相关记忆:
13:32:59 -     1. 我说: 你好呀~我正在休息区品咖啡，顺便刷刷Dribbble找灵感。今天心情不错，有什么想聊的吗？
13:32:59 - 🤖 正在生成回复...
13:33:11 - 💬 王五回复: 哈哈，好呀~ 跟你说，产品经理小李最近迷上养多肉，工位快成植物园了，开会都带着小盆栽，可爱死了~
13:33:11 - 📊 正在分析好感度变化...
13:33:25 -   ➡️ 好感度未变化 (当前: 50.0)
13:33:25 -   原因: 解析失败
13:33:25 -   💾 对话已保存到王五的记忆中
13:33:25 - ============================================================
13:33:25 - ✅ 对话完成

14:33:56 - ============================================================
14:33:56 - 💬 对话开始: 张三 <-> 玩家
14:33:56 - ============================================================
14:33:56 - 📝 玩家消息: 你好。你在干嘛呢
14:33:56 - 💖 当前好感度: 50.0/100 (友好)
14:33:56 - 🧠 检索到0条相关记忆
14:33:56 - 🤖 正在生成回复...
14:34:03 - 💬 张三回复: 你好！我正在调代码呢，刚把多智能体协作的模块跑通了，兴奋得不行！✨ 你是来找我有事，还是对HelloAgents框架感兴趣呀？
14:34:03 - 📊 正在分析好感度变化...
14:34:10 - 📈 好感度变化: 50.0 -> 55.0 (+5.0)
14:34:10 -   原因: 友好交流
14:34:10 -   情感: positive
14:34:11 -   💾 对话已保存到张三的记忆中
14:34:11 - ============================================================
14:34:11 - ✅ 对话完成

14:34:41 - ============================================================
14:34:41 - 💬 对话开始: 张三 <-> 玩家
14:34:41 - ============================================================
14:34:41 - 📝 玩家消息: 找你有事情，想看看我有没有我可以帮的上忙的地方
14:34:41 - 💖 当前好感度: 55.0/100 (友好)
14:34:41 - 🧠 检索到2条相关记忆
14:34:41 -   📚 相关记忆:
14:34:41 -     1. 我说: 你好！我正在调代码呢，刚把多智能体协作的模块跑通了，兴奋得不行！✨ 你是来找我有事，还是对H...
14:34:41 -     2. 玩家说: 你好。你在干嘛呢
14:34:41 - 🤖 正在生成回复...
14:34:50 - 💬 张三回复: 太好了！正好需要人手！你能帮我跑几个测试用例吗？看看新模块有没有隐藏bug。或者……先帮我带杯咖啡也行哈哈☕
14:34:50 - 📊 正在分析好感度变化...
14:34:56 - 📈 好感度变化: 55.0 -> 63.0 (+8.0)
14:34:56 -   原因: 主动帮忙
14:34:56 -   情感: positive
14:34:56 -   🎉 关系等级变化: 友好 -> 亲密
14:34:56 -   💾 对话已保存到张三的记忆中
14:34:56 - ============================================================
14:34:56 - ✅ 对话完成

14:35:19 - ============================================================
14:35:19 - 💬 对话开始: 张三 <-> 玩家
14:35:19 - ============================================================
14:35:19 - 📝 玩家消息: 我该如何帮你调试代码呢
14:35:19 - 💖 当前好感度: 63.0/100 (亲密)
14:35:19 - 🧠 检索到2条相关记忆
14:35:19 -   📚 相关记忆:
14:35:19 -     1. 我说: 你好！我正在调代码呢，刚把多智能体协作的模块跑通了，兴奋得不行！✨ 你是来找我有事，还是对H...
14:35:19 -     2. 我说: 太好了！正好需要人手！你能帮我跑几个测试用例吗？看看新模块有没有隐藏bug。或者……先帮我带...
14:35:19 - 🤖 正在生成回复...
14:35:30 - 💬 张三回复: 问得好！你可以帮我看看报错日志，或者构造些刁钻的测试用例——比如空输入、超大数据、边界值。发现异常堆栈就喊我！🐛
14:35:30 - 📊 正在分析好感度变化...
14:35:37 - 📈 好感度变化: 63.0 -> 66.0 (+3.0)
14:35:37 -   原因: 积极请教
14:35:37 -   情感: positive
14:35:37 -   💾 对话已保存到张三的记忆中
14:35:37 - ============================================================
14:35:37 - ✅ 对话完成

