11:44:26 - ============================================================
11:44:26 - 💬 对话开始: 张三 <-> 玩家
11:44:26 - ============================================================
11:44:26 - 📝 玩家消息: 你好，你在做什么？
11:44:26 - 💖 当前好感度: 50.0/100 (友好)
11:44:27 - 🧠 检索到0条相关记忆
11:44:27 - 🤖 正在生成回复...
12:04:35 - ============================================================
12:04:35 - 💬 对话开始: 张三 <-> 玩家
12:04:35 - ============================================================
12:04:35 - 📝 玩家消息: 你好，你在做什么？
12:04:35 - 💖 当前好感度: 50.0/100 (友好)
12:04:35 - 🧠 检索到0条相关记忆
12:04:35 - 🤖 正在生成回复...
16:21:44 - ============================================================
16:21:44 - 💬 对话开始: 张三 <-> 玩家
16:21:44 - ============================================================
16:21:44 - 📝 玩家消息: 你好，你现在在做什么？
16:21:44 - 💖 当前好感度: 50.0/100 (友好)
16:21:44 - 🧠 检索到0条相关记忆
16:21:44 - 🤖 正在生成回复...
16:22:33 - 💬 张三回复: （抬头看你一眼，手指还在键盘上）在调试HelloAgents框架的agent通信模块。线程锁又出问题了，烦。
16:22:33 - 📊 正在分析好感度变化...
16:25:34 -   ➡️ 好感度未变化 (当前: 50.0)
16:25:34 -   原因: 分析失败
16:25:34 -   💾 对话已保存到张三的记忆中
16:25:34 - ============================================================
16:25:34 - ✅ 对话完成

16:52:20 - ============================================================
16:52:20 - 💬 对话开始: 张三 <-> 玩家
16:52:20 - ============================================================
16:52:20 - 📝 玩家消息: 你在干嘛呢
16:52:20 - 💖 当前好感度: 50.0/100 (友好)
16:52:21 - 🧠 检索到0条相关记忆
16:52:21 - 🤖 正在生成回复...
16:52:41 - 💬 张三回复: （头也不抬地盯着屏幕）正跟HelloAgents框架的链式调用较劲呢，这bug藏得够深。你来得正好，帮我看看这段逻辑？
16:52:41 - 📊 正在分析好感度变化...
16:52:49 -   ➡️ 好感度未变化 (当前: 50.0)
16:52:49 -   原因: 分析失败
16:52:49 -   💾 对话已保存到张三的记忆中
16:52:49 - ============================================================
16:52:49 - ✅ 对话完成

16:55:01 - ============================================================
16:55:01 - 💬 对话开始: 张三 <-> 玩家
16:55:01 - ============================================================
16:55:01 - 📝 玩家消息: 你在在干嘛呢
16:55:01 - 💖 当前好感度: 50.0/100 (友好)
16:55:02 - 🧠 检索到0条相关记忆
16:55:02 - 🤖 正在生成回复...
16:55:17 - 💬 张三回复: （揉揉眼睛）还在跟那个链式调用死磕，刚发现是状态管理没做好。你也遇上重复提问的bug了？
16:55:17 - 📊 正在分析好感度变化...
16:55:25 -   ➡️ 好感度未变化 (当前: 50.0)
16:55:25 -   原因: 分析失败
16:55:25 -   💾 对话已保存到张三的记忆中
16:55:25 - ============================================================
16:55:25 - ✅ 对话完成

16:56:18 - ============================================================
16:56:18 - 💬 对话开始: 李四 <-> 玩家
16:56:18 - ============================================================
16:56:18 - 📝 玩家消息: 你好
16:56:18 - 💖 当前好感度: 50.0/100 (友好)
16:56:19 - 🧠 检索到0条相关记忆
16:56:19 - 🤖 正在生成回复...
16:56:24 - 💬 李四回复: 嗨！你好呀，我是李四，产品经理一枚。刚在整理一堆需求文档，头都快埋进去了——有什么需要帮忙的吗？
16:56:24 - 📊 正在分析好感度变化...
16:56:32 -   ➡️ 好感度未变化 (当前: 50.0)
16:56:32 -   原因: 分析失败
16:56:32 -   💾 对话已保存到李四的记忆中
16:56:32 - ============================================================
16:56:32 - ✅ 对话完成

16:56:56 - ============================================================
16:56:56 - 💬 对话开始: 李四 <-> 玩家
16:56:56 - ============================================================
16:56:56 - 📝 玩家消息: 这么多的需求文档啊，辛苦了
16:56:56 - 💖 当前好感度: 50.0/100 (友好)
16:56:56 - 🧠 检索到0条相关记忆
16:56:56 - 🤖 正在生成回复...
16:57:44 - 💬 李四回复: 哈哈，习惯啦！需求多说明产品在成长嘛。我现在就像在拼图，把这些碎片化的想法拼成完整的产品蓝图——虽然累，但挺有成就感的。你最近在忙什么呢？
16:57:44 - 📊 正在分析好感度变化...
16:57:52 -   ➡️ 好感度未变化 (当前: 50.0)
16:57:52 -   原因: 分析失败
16:57:52 -   💾 对话已保存到李四的记忆中
16:57:52 - ============================================================
16:57:52 - ✅ 对话完成

16:58:09 - ============================================================
16:58:09 - 💬 对话开始: 李四 <-> 玩家
16:58:09 - ============================================================
16:58:09 - 📝 玩家消息: 我最近在找工作呢
16:58:09 - 💖 当前好感度: 50.0/100 (友好)
16:58:09 - 🧠 检索到0条相关记忆
16:58:09 - 🤖 正在生成回复...
16:59:00 - 💬 李四回复: 哎呀，找工作确实是个磨人的过程！我当时投产品岗也跑了不少面试。你是找技术方向还是产品方向？说不定我能帮上点忙呢。
16:59:00 - 📊 正在分析好感度变化...
16:59:08 -   ➡️ 好感度未变化 (当前: 50.0)
16:59:08 -   原因: 分析失败
16:59:08 -   💾 对话已保存到李四的记忆中
16:59:08 - ============================================================
16:59:08 - ✅ 对话完成

18:25:12 - ============================================================
18:25:12 - 💬 对话开始: 张三 <-> 玩家
18:25:12 - ============================================================
18:25:12 - 📝 玩家消息: 这个bug建议先看日志和边界测试,再复现调用链。
18:25:12 - 💖 当前好感度: 60.0/100 (亲密)
18:25:12 - 🤖 正在生成回复...
18:25:12 - 💬 张三回复: 收到,这个思路有帮助。
18:25:12 - 📊 正在分析好感度变化...
18:25:12 -   ➡️ 好感度未变化 (当前: 60.0)
18:25:12 -   原因: 分析已关闭
18:25:12 - ============================================================
18:25:12 - ✅ 对话完成

18:26:04 - ============================================================
18:26:04 - 💬 对话开始: 张三 <-> 玩家
18:26:04 - ============================================================
18:26:04 - 📝 玩家消息: 这个bug建议先看日志和边界测试,再复现调用链。
18:26:04 - 💖 当前好感度: 60.0/100 (亲密)
18:26:04 - 🧠 检索到0条相关记忆
18:26:04 - 🤖 正在生成回复...
18:26:04 - 💬 张三回复: 收到,这个思路有帮助。
18:26:04 - 📊 正在分析好感度变化...
18:26:04 -   ➡️ 好感度未变化 (当前: 60.0)
18:26:04 -   原因: 分析已关闭
18:26:04 -   💾 对话已保存到张三的记忆中
18:26:04 - ============================================================
18:26:04 - ✅ 对话完成

